// Jest Snapshot v1, https://goo.gl/fbAQLP

exports[`<GameTable /> renders correctly and to match snapshot 1`] = `
<div
  className="makeStyles-outer-2"
/>
`;
